// Jest Snapshot v1, https://goo.gl/fbAQLP

exports[`App Renders correctly default 1`] = `null`;
