// Jest Snapshot v1, https://goo.gl/fbAQLP

exports[`ReactCooksent Renders correctly 1`] = `null`;

exports[`ReactCooksent Renders correctly default 1`] = `null`;
